./Makefile
./Makefile.win
./src/App.cpp
./src/App.h
./src/cmdline.cpp
./src/cmdLineArgs.cpp
./src/JSBSimThings/FGJSBBase.cpp
./src/JSBSimThings/FGJSBBase.h
./src/JSBSimThings/input_output/FGPropertyManager.cpp
./src/JSBSimThings/input_output/FGPropertyManager.h
./src/JSBSimThings/input_output/FGXMLElement.cpp
./src/JSBSimThings/input_output/FGXMLElement.h
./src/JSBSimThings/input_output/FGXMLFileRead.h
./src/JSBSimThings/input_output/FGXMLParse.cpp
./src/JSBSimThings/input_output/FGXMLParse.h
./src/JSBSimThings/math/FGColumnVector3.cpp
./src/JSBSimThings/math/FGColumnVector3.h
./src/JSBSimThings/math/FGCondition.cpp
./src/JSBSimThings/math/FGCondition.h
./src/JSBSimThings/math/FGFunction.cpp
./src/JSBSimThings/math/FGFunction.h
./src/JSBSimThings/math/FGLocation.cpp
./src/JSBSimThings/math/FGLocation.h
./src/JSBSimThings/math/FGMatrix33.cpp
./src/JSBSimThings/math/FGMatrix33.h
./src/JSBSimThings/math/FGParameter.h
./src/JSBSimThings/math/FGPropertyValue.cpp
./src/JSBSimThings/math/FGPropertyValue.h
./src/JSBSimThings/math/FGQuaternion.cpp
./src/JSBSimThings/math/FGQuaternion.h
./src/JSBSimThings/math/FGRealValue.cpp
./src/JSBSimThings/math/FGRealValue.h
./src/JSBSimThings/math/FGTable.cpp
./src/JSBSimThings/math/FGTable.h
./src/JSBSimThings/simgear/.cvsignore
./src/JSBSimThings/simgear/compiler.h
./src/JSBSimThings/simgear/makefile.am
./src/JSBSimThings/simgear/props/props.cxx
./src/JSBSimThings/simgear/props/props.hxx
./src/JSBSimThings/simgear/props/SGReferenced.hxx
./src/JSBSimThings/simgear/props/SGSharedPtr.hxx
./src/JSBSimThings/simgear/xml/ascii.h
./src/JSBSimThings/simgear/xml/asciitab.h
./src/JSBSimThings/simgear/xml/easyxml.cpp
./src/JSBSimThings/simgear/xml/easyxml.cxx
./src/JSBSimThings/simgear/xml/easyxml.hxx
./src/JSBSimThings/simgear/xml/expat.h
./src/JSBSimThings/simgear/xml/expat_config.h
./src/JSBSimThings/simgear/xml/expat_external.h
./src/JSBSimThings/simgear/xml/iasciitab.h
./src/JSBSimThings/simgear/xml/internal.h
./src/JSBSimThings/simgear/xml/latin1tab.h
./src/JSBSimThings/simgear/xml/libExpat.a
./src/JSBSimThings/simgear/xml/libexpat.layout
./src/JSBSimThings/simgear/xml/macconfig.h
./src/JSBSimThings/simgear/xml/makefile
./src/JSBSimThings/simgear/xml/makefile.in
./src/JSBSimThings/simgear/xml/makefile.win
./src/JSBSimThings/simgear/xml/nametab.h
./src/JSBSimThings/simgear/xml/utf8tab.h
./src/JSBSimThings/simgear/xml/winconfig.h
./src/JSBSimThings/simgear/xml/xmlparse.c
./src/JSBSimThings/simgear/xml/xmlrole.c
./src/JSBSimThings/simgear/xml/xmlrole.h
./src/JSBSimThings/simgear/xml/xmltok.c
./src/JSBSimThings/simgear/xml/xmltok.h
./src/JSBSimThings/simgear/xml/xmltok_impl.c
./src/JSBSimThings/simgear/xml/xmltok_impl.h
./src/JSBSimThings/simgear/xml/xmltok_ns.c
./src/main.cpp
./src/Plot.cpp
./src/ScanFile.cpp
./test/737.xml
./test/B-737.xml
./test/B-737_aero.xml
